Stb_perlin.noise3
0.
0.
-0.106847889721
-0.189873740077
Stb_perlin.ridge_noise3
0.
0.00570824788883
0.0222782101482
0.0217209588736
Stb_perlin.fbm_noise3
0.
0.10684800148
0.21108391881
0.208427250385
Stb_perlin.turbulence_noise3
0.
0.10684800148
0.21108391881
0.208427250385
