Stb_image & Stb_image_write (u8)
KO read disk_pokeball: can't fopen
OK mem_pokeball.bmp: ae94d8fe916c02ff4870087ca8313ee2
OK mem_pokeball.png: 97037a672c6547fe85a599b6bed76131
OK mem_pokeball.tga: 7351da8bc8f5b6457382cd2ff5894312
OK mem_pokeball.jpg: 7261a4aa08679de4896ac9b212129864
OK mem_pokeball100.jpg: de951ca8f880a20e638994eea3c07cf4
OK mem_pokeball50.jpg: 914df247d5d124377da6be7dac66829e
OK mem_pokeballvflip.png: b8300d7c02264972c53358be4c81cf7b
OK mem_pokeballmipmap.png: 1ad2c19b4ec0ecf7c524d1b8868fa834
OK mem_pokeballblur.png: b8d7a576b8079eb6b09bc6a02f8b6680
KO: on disk and in memory decode differ for pokeball
OK disk_pokeball_1.bmp: 07ca445357a2bbfc93c7530dc0f9342f
OK disk_pokeball_1.png: acf9dd9dd47e2f472d05c0d1a99849d8
OK disk_pokeball_1.tga: 7e581e04c05d3d4666a240db9f03959b
OK disk_pokeball_1.jpg: dae161cb898c3ec575f6916a42fe164e
OK disk_pokeball_1100.jpg: be5e4c4b7e619e14e8c96fbaf36b1a58
OK disk_pokeball_150.jpg: 5d525059331620d0f42b3c520188f0d8
OK disk_pokeball_1vflip.png: 40051e4ed445cf1a63ac109831f4483a
OK disk_pokeball_1mipmap.png: 3e790ec7de814acd76cdb4de25a85781
OK disk_pokeball_1blur.png: 9e225b1e9c0eb1a0d53947a225f07e02
OK mem_pokeball_1.bmp: 07ca445357a2bbfc93c7530dc0f9342f
OK mem_pokeball_1.png: acf9dd9dd47e2f472d05c0d1a99849d8
OK mem_pokeball_1.tga: 7e581e04c05d3d4666a240db9f03959b
OK mem_pokeball_1.jpg: dae161cb898c3ec575f6916a42fe164e
OK mem_pokeball_1100.jpg: be5e4c4b7e619e14e8c96fbaf36b1a58
OK mem_pokeball_150.jpg: 5d525059331620d0f42b3c520188f0d8
OK mem_pokeball_1vflip.png: 40051e4ed445cf1a63ac109831f4483a
OK mem_pokeball_1mipmap.png: 3e790ec7de814acd76cdb4de25a85781
OK mem_pokeball_1blur.png: 9e225b1e9c0eb1a0d53947a225f07e02
OK disk_pokeball_2.bmp: 07ca445357a2bbfc93c7530dc0f9342f
OK disk_pokeball_2.png: f380a01014bcde29dabacaa8d95ac997
OK disk_pokeball_2.tga: adfc0095f15aad4528fc3925fc122ea8
OK disk_pokeball_2.jpg: dae161cb898c3ec575f6916a42fe164e
OK disk_pokeball_2100.jpg: be5e4c4b7e619e14e8c96fbaf36b1a58
OK disk_pokeball_250.jpg: 5d525059331620d0f42b3c520188f0d8
OK disk_pokeball_2vflip.png: 682f43d595e6c8149fcd0a1eadd94151
OK disk_pokeball_2mipmap.png: cae67f00226fe4bd3a02f081a9b67562
OK disk_pokeball_2blur.png: 089269b11b42f58df73dc74895fb5fff
OK mem_pokeball_2.bmp: 07ca445357a2bbfc93c7530dc0f9342f
OK mem_pokeball_2.png: f380a01014bcde29dabacaa8d95ac997
OK mem_pokeball_2.tga: adfc0095f15aad4528fc3925fc122ea8
OK mem_pokeball_2.jpg: dae161cb898c3ec575f6916a42fe164e
OK mem_pokeball_2100.jpg: be5e4c4b7e619e14e8c96fbaf36b1a58
OK mem_pokeball_250.jpg: 5d525059331620d0f42b3c520188f0d8
OK mem_pokeball_2vflip.png: 682f43d595e6c8149fcd0a1eadd94151
OK mem_pokeball_2mipmap.png: cae67f00226fe4bd3a02f081a9b67562
OK mem_pokeball_2blur.png: 089269b11b42f58df73dc74895fb5fff
OK disk_pokeball_3.bmp: d9183b7545302f43cb6c615779270ed2
OK disk_pokeball_3.png: 84474ee0f1d97a26b830f39659d2632b
OK disk_pokeball_3.tga: f12cc71abbd847ae0e8d285ebcb78214
OK disk_pokeball_3.jpg: 7261a4aa08679de4896ac9b212129864
OK disk_pokeball_3100.jpg: de951ca8f880a20e638994eea3c07cf4
OK disk_pokeball_350.jpg: 914df247d5d124377da6be7dac66829e
OK disk_pokeball_3vflip.png: 5d6d5afd6e26e5ccf2d01a1c0b9a76b3
OK disk_pokeball_3mipmap.png: 5cdbef832654b5923afbf82f951992a8
OK disk_pokeball_3blur.png: 014b29043caa4e73714837b734feda04
OK mem_pokeball_3.bmp: d9183b7545302f43cb6c615779270ed2
OK mem_pokeball_3.png: 84474ee0f1d97a26b830f39659d2632b
OK mem_pokeball_3.tga: f12cc71abbd847ae0e8d285ebcb78214
OK mem_pokeball_3.jpg: 7261a4aa08679de4896ac9b212129864
OK mem_pokeball_3100.jpg: de951ca8f880a20e638994eea3c07cf4
OK mem_pokeball_350.jpg: 914df247d5d124377da6be7dac66829e
OK mem_pokeball_3vflip.png: 5d6d5afd6e26e5ccf2d01a1c0b9a76b3
OK mem_pokeball_3mipmap.png: 5cdbef832654b5923afbf82f951992a8
OK mem_pokeball_3blur.png: 014b29043caa4e73714837b734feda04
OK disk_pokeball_4.bmp: ae94d8fe916c02ff4870087ca8313ee2
OK disk_pokeball_4.png: 97037a672c6547fe85a599b6bed76131
OK disk_pokeball_4.tga: 7351da8bc8f5b6457382cd2ff5894312
OK disk_pokeball_4.jpg: 7261a4aa08679de4896ac9b212129864
OK disk_pokeball_4100.jpg: de951ca8f880a20e638994eea3c07cf4
OK disk_pokeball_450.jpg: 914df247d5d124377da6be7dac66829e
OK disk_pokeball_4vflip.png: b8300d7c02264972c53358be4c81cf7b
OK disk_pokeball_4mipmap.png: 1ad2c19b4ec0ecf7c524d1b8868fa834
OK disk_pokeball_4blur.png: b8d7a576b8079eb6b09bc6a02f8b6680
OK mem_pokeball_4.bmp: ae94d8fe916c02ff4870087ca8313ee2
OK mem_pokeball_4.png: 97037a672c6547fe85a599b6bed76131
OK mem_pokeball_4.tga: 7351da8bc8f5b6457382cd2ff5894312
OK mem_pokeball_4.jpg: 7261a4aa08679de4896ac9b212129864
OK mem_pokeball_4100.jpg: de951ca8f880a20e638994eea3c07cf4
OK mem_pokeball_450.jpg: 914df247d5d124377da6be7dac66829e
OK mem_pokeball_4vflip.png: b8300d7c02264972c53358be4c81cf7b
OK mem_pokeball_4mipmap.png: 1ad2c19b4ec0ecf7c524d1b8868fa834
OK mem_pokeball_4blur.png: b8d7a576b8079eb6b09bc6a02f8b6680
OK disk_pokeball_unmanaged.bmp: ae94d8fe916c02ff4870087ca8313ee2
OK disk_pokeball_unmanaged.png: 97037a672c6547fe85a599b6bed76131
OK disk_pokeball_unmanaged.tga: 7351da8bc8f5b6457382cd2ff5894312
OK disk_pokeball_unmanaged.jpg: 7261a4aa08679de4896ac9b212129864
OK disk_pokeball_unmanaged100.jpg: de951ca8f880a20e638994eea3c07cf4
OK disk_pokeball_unmanaged50.jpg: 914df247d5d124377da6be7dac66829e
OK disk_pokeball_unmanagedvflip.png: b8300d7c02264972c53358be4c81cf7b
OK disk_pokeball_unmanagedmipmap.png: 1ad2c19b4ec0ecf7c524d1b8868fa834
OK disk_pokeball_unmanagedblur.png: b8d7a576b8079eb6b09bc6a02f8b6680
OK mem_pokeball_unmanaged.bmp: ae94d8fe916c02ff4870087ca8313ee2
OK mem_pokeball_unmanaged.png: 97037a672c6547fe85a599b6bed76131
OK mem_pokeball_unmanaged.tga: 7351da8bc8f5b6457382cd2ff5894312
OK mem_pokeball_unmanaged.jpg: 7261a4aa08679de4896ac9b212129864
OK mem_pokeball_unmanaged100.jpg: de951ca8f880a20e638994eea3c07cf4
OK mem_pokeball_unmanaged50.jpg: 914df247d5d124377da6be7dac66829e
OK mem_pokeball_unmanagedvflip.png: b8300d7c02264972c53358be4c81cf7b
OK mem_pokeball_unmanagedmipmap.png: 1ad2c19b4ec0ecf7c524d1b8868fa834
OK mem_pokeball_unmanagedblur.png: b8d7a576b8079eb6b09bc6a02f8b6680
OK disk_pokeball_1_unmanaged.bmp: 07ca445357a2bbfc93c7530dc0f9342f
OK disk_pokeball_1_unmanaged.png: acf9dd9dd47e2f472d05c0d1a99849d8
OK disk_pokeball_1_unmanaged.tga: 7e581e04c05d3d4666a240db9f03959b
OK disk_pokeball_1_unmanaged.jpg: dae161cb898c3ec575f6916a42fe164e
OK disk_pokeball_1_unmanaged100.jpg: be5e4c4b7e619e14e8c96fbaf36b1a58
OK disk_pokeball_1_unmanaged50.jpg: 5d525059331620d0f42b3c520188f0d8
OK disk_pokeball_1_unmanagedvflip.png: 40051e4ed445cf1a63ac109831f4483a
OK disk_pokeball_1_unmanagedmipmap.png: 3e790ec7de814acd76cdb4de25a85781
OK disk_pokeball_1_unmanagedblur.png: 9e225b1e9c0eb1a0d53947a225f07e02
OK mem_pokeball_1_unmanaged.bmp: 07ca445357a2bbfc93c7530dc0f9342f
OK mem_pokeball_1_unmanaged.png: acf9dd9dd47e2f472d05c0d1a99849d8
OK mem_pokeball_1_unmanaged.tga: 7e581e04c05d3d4666a240db9f03959b
OK mem_pokeball_1_unmanaged.jpg: dae161cb898c3ec575f6916a42fe164e
OK mem_pokeball_1_unmanaged100.jpg: be5e4c4b7e619e14e8c96fbaf36b1a58
OK mem_pokeball_1_unmanaged50.jpg: 5d525059331620d0f42b3c520188f0d8
OK mem_pokeball_1_unmanagedvflip.png: 40051e4ed445cf1a63ac109831f4483a
OK mem_pokeball_1_unmanagedmipmap.png: 3e790ec7de814acd76cdb4de25a85781
OK mem_pokeball_1_unmanagedblur.png: 9e225b1e9c0eb1a0d53947a225f07e02
OK disk_pokeball_2_unmanaged.bmp: 07ca445357a2bbfc93c7530dc0f9342f
OK disk_pokeball_2_unmanaged.png: f380a01014bcde29dabacaa8d95ac997
OK disk_pokeball_2_unmanaged.tga: adfc0095f15aad4528fc3925fc122ea8
OK disk_pokeball_2_unmanaged.jpg: dae161cb898c3ec575f6916a42fe164e
OK disk_pokeball_2_unmanaged100.jpg: be5e4c4b7e619e14e8c96fbaf36b1a58
OK disk_pokeball_2_unmanaged50.jpg: 5d525059331620d0f42b3c520188f0d8
OK disk_pokeball_2_unmanagedvflip.png: 682f43d595e6c8149fcd0a1eadd94151
OK disk_pokeball_2_unmanagedmipmap.png: cae67f00226fe4bd3a02f081a9b67562
OK disk_pokeball_2_unmanagedblur.png: 089269b11b42f58df73dc74895fb5fff
OK mem_pokeball_2_unmanaged.bmp: 07ca445357a2bbfc93c7530dc0f9342f
OK mem_pokeball_2_unmanaged.png: f380a01014bcde29dabacaa8d95ac997
OK mem_pokeball_2_unmanaged.tga: adfc0095f15aad4528fc3925fc122ea8
OK mem_pokeball_2_unmanaged.jpg: dae161cb898c3ec575f6916a42fe164e
OK mem_pokeball_2_unmanaged100.jpg: be5e4c4b7e619e14e8c96fbaf36b1a58
OK mem_pokeball_2_unmanaged50.jpg: 5d525059331620d0f42b3c520188f0d8
OK mem_pokeball_2_unmanagedvflip.png: 682f43d595e6c8149fcd0a1eadd94151
OK mem_pokeball_2_unmanagedmipmap.png: cae67f00226fe4bd3a02f081a9b67562
OK mem_pokeball_2_unmanagedblur.png: 089269b11b42f58df73dc74895fb5fff
OK disk_pokeball_3_unmanaged.bmp: d9183b7545302f43cb6c615779270ed2
OK disk_pokeball_3_unmanaged.png: 84474ee0f1d97a26b830f39659d2632b
OK disk_pokeball_3_unmanaged.tga: f12cc71abbd847ae0e8d285ebcb78214
OK disk_pokeball_3_unmanaged.jpg: 7261a4aa08679de4896ac9b212129864
OK disk_pokeball_3_unmanaged100.jpg: de951ca8f880a20e638994eea3c07cf4
OK disk_pokeball_3_unmanaged50.jpg: 914df247d5d124377da6be7dac66829e
OK disk_pokeball_3_unmanagedvflip.png: 5d6d5afd6e26e5ccf2d01a1c0b9a76b3
OK disk_pokeball_3_unmanagedmipmap.png: 5cdbef832654b5923afbf82f951992a8
OK disk_pokeball_3_unmanagedblur.png: 014b29043caa4e73714837b734feda04
OK mem_pokeball_3_unmanaged.bmp: d9183b7545302f43cb6c615779270ed2
OK mem_pokeball_3_unmanaged.png: 84474ee0f1d97a26b830f39659d2632b
OK mem_pokeball_3_unmanaged.tga: f12cc71abbd847ae0e8d285ebcb78214
OK mem_pokeball_3_unmanaged.jpg: 7261a4aa08679de4896ac9b212129864
OK mem_pokeball_3_unmanaged100.jpg: de951ca8f880a20e638994eea3c07cf4
OK mem_pokeball_3_unmanaged50.jpg: 914df247d5d124377da6be7dac66829e
OK mem_pokeball_3_unmanagedvflip.png: 5d6d5afd6e26e5ccf2d01a1c0b9a76b3
OK mem_pokeball_3_unmanagedmipmap.png: 5cdbef832654b5923afbf82f951992a8
OK mem_pokeball_3_unmanagedblur.png: 014b29043caa4e73714837b734feda04
OK disk_pokeball_4_unmanaged.bmp: ae94d8fe916c02ff4870087ca8313ee2
OK disk_pokeball_4_unmanaged.png: 97037a672c6547fe85a599b6bed76131
OK disk_pokeball_4_unmanaged.tga: 7351da8bc8f5b6457382cd2ff5894312
OK disk_pokeball_4_unmanaged.jpg: 7261a4aa08679de4896ac9b212129864
OK disk_pokeball_4_unmanaged100.jpg: de951ca8f880a20e638994eea3c07cf4
OK disk_pokeball_4_unmanaged50.jpg: 914df247d5d124377da6be7dac66829e
OK disk_pokeball_4_unmanagedvflip.png: b8300d7c02264972c53358be4c81cf7b
OK disk_pokeball_4_unmanagedmipmap.png: 1ad2c19b4ec0ecf7c524d1b8868fa834
OK disk_pokeball_4_unmanagedblur.png: b8d7a576b8079eb6b09bc6a02f8b6680
OK mem_pokeball_4_unmanaged.bmp: ae94d8fe916c02ff4870087ca8313ee2
OK mem_pokeball_4_unmanaged.png: 97037a672c6547fe85a599b6bed76131
OK mem_pokeball_4_unmanaged.tga: 7351da8bc8f5b6457382cd2ff5894312
OK mem_pokeball_4_unmanaged.jpg: 7261a4aa08679de4896ac9b212129864
OK mem_pokeball_4_unmanaged100.jpg: de951ca8f880a20e638994eea3c07cf4
OK mem_pokeball_4_unmanaged50.jpg: 914df247d5d124377da6be7dac66829e
OK mem_pokeball_4_unmanagedvflip.png: b8300d7c02264972c53358be4c81cf7b
OK mem_pokeball_4_unmanagedmipmap.png: 1ad2c19b4ec0ecf7c524d1b8868fa834
OK mem_pokeball_4_unmanagedblur.png: b8d7a576b8079eb6b09bc6a02f8b6680
OK disk_padded_pokeball_1.bmp: 07ca445357a2bbfc93c7530dc0f9342f
OK disk_padded_pokeball_1.png: acf9dd9dd47e2f472d05c0d1a99849d8
OK disk_padded_pokeball_1.tga: 7e581e04c05d3d4666a240db9f03959b
OK disk_padded_pokeball_1.jpg: dae161cb898c3ec575f6916a42fe164e
OK disk_padded_pokeball_1100.jpg: be5e4c4b7e619e14e8c96fbaf36b1a58
OK disk_padded_pokeball_150.jpg: 5d525059331620d0f42b3c520188f0d8
OK disk_padded_pokeball_1vflip.png: 40051e4ed445cf1a63ac109831f4483a
OK disk_padded_pokeball_1mipmap.png: 3e790ec7de814acd76cdb4de25a85781
OK disk_padded_pokeball_1blur.png: 9e225b1e9c0eb1a0d53947a225f07e02
OK mem_padded_pokeball_1.bmp: 07ca445357a2bbfc93c7530dc0f9342f
OK mem_padded_pokeball_1.png: acf9dd9dd47e2f472d05c0d1a99849d8
OK mem_padded_pokeball_1.tga: 7e581e04c05d3d4666a240db9f03959b
OK mem_padded_pokeball_1.jpg: dae161cb898c3ec575f6916a42fe164e
OK mem_padded_pokeball_1100.jpg: be5e4c4b7e619e14e8c96fbaf36b1a58
OK mem_padded_pokeball_150.jpg: 5d525059331620d0f42b3c520188f0d8
OK mem_padded_pokeball_1vflip.png: 40051e4ed445cf1a63ac109831f4483a
OK mem_padded_pokeball_1mipmap.png: 3e790ec7de814acd76cdb4de25a85781
OK mem_padded_pokeball_1blur.png: 9e225b1e9c0eb1a0d53947a225f07e02
OK disk_padded_pokeball_2.bmp: 07ca445357a2bbfc93c7530dc0f9342f
OK disk_padded_pokeball_2.png: f380a01014bcde29dabacaa8d95ac997
OK disk_padded_pokeball_2.tga: adfc0095f15aad4528fc3925fc122ea8
OK disk_padded_pokeball_2.jpg: dae161cb898c3ec575f6916a42fe164e
OK disk_padded_pokeball_2100.jpg: be5e4c4b7e619e14e8c96fbaf36b1a58
OK disk_padded_pokeball_250.jpg: 5d525059331620d0f42b3c520188f0d8
OK disk_padded_pokeball_2vflip.png: 682f43d595e6c8149fcd0a1eadd94151
OK disk_padded_pokeball_2mipmap.png: cae67f00226fe4bd3a02f081a9b67562
OK disk_padded_pokeball_2blur.png: 089269b11b42f58df73dc74895fb5fff
OK mem_padded_pokeball_2.bmp: 07ca445357a2bbfc93c7530dc0f9342f
OK mem_padded_pokeball_2.png: f380a01014bcde29dabacaa8d95ac997
OK mem_padded_pokeball_2.tga: adfc0095f15aad4528fc3925fc122ea8
OK mem_padded_pokeball_2.jpg: dae161cb898c3ec575f6916a42fe164e
OK mem_padded_pokeball_2100.jpg: be5e4c4b7e619e14e8c96fbaf36b1a58
OK mem_padded_pokeball_250.jpg: 5d525059331620d0f42b3c520188f0d8
OK mem_padded_pokeball_2vflip.png: 682f43d595e6c8149fcd0a1eadd94151
OK mem_padded_pokeball_2mipmap.png: cae67f00226fe4bd3a02f081a9b67562
OK mem_padded_pokeball_2blur.png: 089269b11b42f58df73dc74895fb5fff
OK disk_padded_pokeball_3.bmp: d9183b7545302f43cb6c615779270ed2
OK disk_padded_pokeball_3.png: 84474ee0f1d97a26b830f39659d2632b
OK disk_padded_pokeball_3.tga: f12cc71abbd847ae0e8d285ebcb78214
OK disk_padded_pokeball_3.jpg: 7261a4aa08679de4896ac9b212129864
OK disk_padded_pokeball_3100.jpg: de951ca8f880a20e638994eea3c07cf4
OK disk_padded_pokeball_350.jpg: 914df247d5d124377da6be7dac66829e
OK disk_padded_pokeball_3vflip.png: 5d6d5afd6e26e5ccf2d01a1c0b9a76b3
OK disk_padded_pokeball_3mipmap.png: 5cdbef832654b5923afbf82f951992a8
OK disk_padded_pokeball_3blur.png: 014b29043caa4e73714837b734feda04
OK mem_padded_pokeball_3.bmp: d9183b7545302f43cb6c615779270ed2
OK mem_padded_pokeball_3.png: 84474ee0f1d97a26b830f39659d2632b
OK mem_padded_pokeball_3.tga: f12cc71abbd847ae0e8d285ebcb78214
OK mem_padded_pokeball_3.jpg: 7261a4aa08679de4896ac9b212129864
OK mem_padded_pokeball_3100.jpg: de951ca8f880a20e638994eea3c07cf4
OK mem_padded_pokeball_350.jpg: 914df247d5d124377da6be7dac66829e
OK mem_padded_pokeball_3vflip.png: 5d6d5afd6e26e5ccf2d01a1c0b9a76b3
OK mem_padded_pokeball_3mipmap.png: 5cdbef832654b5923afbf82f951992a8
OK mem_padded_pokeball_3blur.png: 014b29043caa4e73714837b734feda04
OK disk_padded_pokeball_4.bmp: ae94d8fe916c02ff4870087ca8313ee2
OK disk_padded_pokeball_4.png: 97037a672c6547fe85a599b6bed76131
OK disk_padded_pokeball_4.tga: 7351da8bc8f5b6457382cd2ff5894312
OK disk_padded_pokeball_4.jpg: 7261a4aa08679de4896ac9b212129864
OK disk_padded_pokeball_4100.jpg: de951ca8f880a20e638994eea3c07cf4
OK disk_padded_pokeball_450.jpg: 914df247d5d124377da6be7dac66829e
OK disk_padded_pokeball_4vflip.png: b8300d7c02264972c53358be4c81cf7b
OK disk_padded_pokeball_4mipmap.png: 1ad2c19b4ec0ecf7c524d1b8868fa834
OK disk_padded_pokeball_4blur.png: b8d7a576b8079eb6b09bc6a02f8b6680
OK mem_padded_pokeball_4.bmp: ae94d8fe916c02ff4870087ca8313ee2
OK mem_padded_pokeball_4.png: 97037a672c6547fe85a599b6bed76131
OK mem_padded_pokeball_4.tga: 7351da8bc8f5b6457382cd2ff5894312
OK mem_padded_pokeball_4.jpg: 7261a4aa08679de4896ac9b212129864
OK mem_padded_pokeball_4100.jpg: de951ca8f880a20e638994eea3c07cf4
OK mem_padded_pokeball_450.jpg: 914df247d5d124377da6be7dac66829e
OK mem_padded_pokeball_4vflip.png: b8300d7c02264972c53358be4c81cf7b
OK mem_padded_pokeball_4mipmap.png: 1ad2c19b4ec0ecf7c524d1b8868fa834
OK mem_padded_pokeball_4blur.png: b8d7a576b8079eb6b09bc6a02f8b6680
